<html>
<body>
<pre>
<h1>µVision Build Log</h1>
<h2>Tool Versions:</h2>
IDE-Version: •ÏVision V5.36.0.0
Copyright (C) 2021 ARM Ltd and ARM Germany GmbH. All rights reserved.
License Information: kim junseo, kpu, LIC=----
 
Tool Versions:
Toolchain:       MDK-Lite  Version: 5.36.0.0
Toolchain Path:  C:\Keil_v5\ARM\ARMCC\Bin
C Compiler:      Armcc.exe V5.06 update 7 (build 960)
Assembler:       Armasm.exe V5.06 update 7 (build 960)
Linker/Locator:  ArmLink.exe V5.06 update 7 (build 960)
Library Manager: ArmAr.exe V5.06 update 7 (build 960)
Hex Converter:   FromElf.exe V5.06 update 7 (build 960)
CPU DLL:         SARMCM3.DLL V5.36.0.0
Dialog DLL:      DCM.DLL V1.17.3.0
Target DLL:      STLink\ST-LINKIII-KEIL_SWO.dll V3.0.9.0
Dialog DLL:      TCM.DLL V1.53.0.0
 
<h2>Project:</h2>
C:\stm32test\0208\0319ultrasonicmotor\MDK-ARM\0319ultrasonicmotor.uvprojx
Project File Date:  07/27/2022

<h2>Output:</h2>
*** Using Compiler 'V5.06 update 7 (build 960)', folder: 'C:\Keil_v5\ARM\ARMCC\Bin'
Build target '0319ultrasonicmotor'
compiling main.c...
../Core/Src/main.c(94): warning:  #188-D: enumerated type mixed with another type
  	HAL_GPIO_WritePin(GPIOD, GPIO_PIN_0,0); 
../Core/Src/main.c(96): warning:  #188-D: enumerated type mixed with another type
  	HAL_GPIO_WritePin(GPIOD, GPIO_PIN_0,1);
../Core/Src/main.c(98): warning:  #188-D: enumerated type mixed with another type
  	HAL_GPIO_WritePin(GPIOD, GPIO_PIN_0,0);
../Core/Src/main.c(160): warning:  #1035-D: single-precision operand implicitly converted to double-precision
  		distance = (float)sensor_time * 0.017;
../Core/Src/main.c(163): warning:  #188-D: enumerated type mixed with another type
  		DcMotor1Enable(); // Bin->0
../Core/Src/main.c(167): warning:  #188-D: enumerated type mixed with another type
  		DcMotor1DirCcw(); // Ain->1
../Core/Src/main.c(168): warning:  #188-D: enumerated type mixed with another type
  		DcMotor1Enable(); // Bin->0
../Core/Src/main.c(172): warning:  #188-D: enumerated type mixed with another type
  				DcMotor1DirCcw(); // AIN -> 1
../Core/Src/main.c(173): warning:  #188-D: enumerated type mixed with another type
  		    DcMotor1Disable(); // Bin ->1
../Core/Src/main.c(180): warning:  #188-D: enumerated type mixed with another type
  		DcMotor1DirCw(); // AIN -> 0
../Core/Src/main.c(181): warning:  #188-D: enumerated type mixed with another type
  		DcMotor1Disable(); // Bin->1
../Core/Src/main.c(185): warning:  #188-D: enumerated type mixed with another type
  		DcMotor1DirCcw(); // AIN -> 1
../Core/Src/main.c(186): warning:  #188-D: enumerated type mixed with another type
  		DcMotor1Disable(); // Bin ->1
../Core/Src/main.c(194): warning:  #188-D: enumerated type mixed with another type
  			DcMotor1DirCw2();
../Core/Src/main.c(195): warning:  #188-D: enumerated type mixed with another type
  			DcMotor1DirCcw1();
../Core/Src/main.c(200): warning:  #188-D: enumerated type mixed with another type
  			DcMotor1DirCw1();
../Core/Src/main.c(201): warning:  #188-D: enumerated type mixed with another type
  			DcMotor1DirCcw2();
../Core/Src/main.c(206): warning:  #188-D: enumerated type mixed with another type
  			DcMotor1DirCw2();
../Core/Src/main.c(207): warning:  #188-D: enumerated type mixed with another type
  			DcMotor1DirCcw2();
../Core/Src/main.c: 19 warnings, 0 errors
linking...
Program Size: Code=9762 RO-data=486 RW-data=24 ZI-data=2096  
FromELF: creating hex file...
"0319ultrasonicmotor\0319ultrasonicmotor.axf" - 0 Error(s), 19 Warning(s).

<h2>Software Packages used:</h2>

Package Vendor: ARM
                http://www.keil.com/pack/ARM.CMSIS.5.8.0.pack
                ARM.CMSIS.5.8.0
                CMSIS (Common Microcontroller Software Interface Standard)
   * Component: CORE Version: 5.5.0

Package Vendor: Keil
                http://www.keil.com/pack/Keil.STM32F4xx_DFP.2.15.0.pack
                Keil.STM32F4xx_DFP.2.15.0
                STMicroelectronics STM32F4 Series Device Support, Drivers and Examples

<h2>Collection of Component include folders:</h2>
  .\RTE\_0319ultrasonicmotor
  C:\Users\±Ë¡ÿº≠\AppData\Local\Arm\Packs\ARM\CMSIS\5.8.0\CMSIS\Core\Include
  C:\Users\±Ë¡ÿº≠\AppData\Local\Arm\Packs\Keil\STM32F4xx_DFP\2.15.0\Drivers\CMSIS\Device\ST\STM32F4xx\Include

<h2>Collection of Component Files used:</h2>

   * Component: ARM::CMSIS:CORE:5.5.0
      Include file:  CMSIS\Core\Include\tz_context.h
Build Time Elapsed:  00:00:09
</pre>
</body>
</html>
